The Meson build system
Version: 1.12.0
Source dir: /src
Build dir: /src/build-ci
Build type: native build
Project name: termo
Project version: 0.1.0
C compiler for the host machine: gcc-14 (gcc 14.2.0 "gcc-14 (Ubuntu 14.2.0-4ubuntu2~24.04.1) 14.2.0")
C linker for the host machine: gcc-14 ld.bfd 2.42
Host machine cpu family: aarch64
Host machine cpu: aarch64
Checking if "C23 (nullptr, constexpr, fixed-type enum, stdckdint.h)" compiles: YES 
Program bison found: YES (/usr/bin/bison)
Found pkg-config: YES (/usr/bin/pkg-config) 1.8.1
Run-time dependency libevent found: YES 2.1.12-stable
Run-time dependency ncursesw found: YES 6.4.20240113
Library util found: YES
Library m found: YES
Library resolv found: YES
Run-time dependency libutf8proc found: YES 3.0.0
Run-time dependency luajit found: YES 2.1.1703358377
Has header "ncurses.h" with dependency ncursesw: YES 
Has header "event2/event.h" with dependencies libevent, ncursesw, -lutil, -lm, -lresolv, libutf8proc, luajit: YES 
Has header "paths.h" with dependencies libevent, ncursesw, -lutil, -lm, -lresolv, libutf8proc, luajit: YES 
Has header "stdint.h" with dependencies libevent, ncursesw, -lutil, -lm, -lresolv, libutf8proc, luajit: YES 
Has header "bitstring.h" with dependencies libevent, ncursesw, -lutil, -lm, -lresolv, libutf8proc, luajit: NO 
Has header "util.h" with dependencies libevent, ncursesw, -lutil, -lm, -lresolv, libutf8proc, luajit: NO 
Has header "libutil.h" with dependencies libevent, ncursesw, -lutil, -lm, -lresolv, libutf8proc, luajit: NO 
Has header "pty.h" with dependencies libevent, ncursesw, -lutil, -lm, -lresolv, libutf8proc, luajit: YES 
Header "sys/queue.h" has symbol "TAILQ_REPLACE" : NO 
Header "sys/tree.h" has symbol "RB_GENERATE" : NO 
Checking for function "closefrom" with dependencies libevent, ncursesw, -lutil, -lm, -lresolv, libutf8proc, luajit: YES 
Checking for function "explicit_bzero" with dependencies libevent, ncursesw, -lutil, -lm, -lresolv, libutf8proc, luajit: YES 
Checking for function "freezero" with dependencies libevent, ncursesw, -lutil, -lm, -lresolv, libutf8proc, luajit: NO 
Checking for function "getpeereid" with dependencies libevent, ncursesw, -lutil, -lm, -lresolv, libutf8proc, luajit: NO 
Checking for function "getprogname" with dependencies libevent, ncursesw, -lutil, -lm, -lresolv, libutf8proc, luajit: NO 
Checking for function "htonll" with dependencies libevent, ncursesw, -lutil, -lm, -lresolv, libutf8proc, luajit: NO 
Checking for function "ntohll" with dependencies libevent, ncursesw, -lutil, -lm, -lresolv, libutf8proc, luajit: NO 
Checking for function "reallocarray" with dependencies libevent, ncursesw, -lutil, -lm, -lresolv, libutf8proc, luajit: YES 
Checking for function "recallocarray" with dependencies libevent, ncursesw, -lutil, -lm, -lresolv, libutf8proc, luajit: NO 
Checking for function "setproctitle" with dependencies libevent, ncursesw, -lutil, -lm, -lresolv, libutf8proc, luajit: NO 
Checking for function "strtonum" with dependencies libevent, ncursesw, -lutil, -lm, -lresolv, libutf8proc, luajit: NO 
Header "signal.h" has symbol "sys_signame" : NO 
Checking for function "malloc_trim" : YES 
Run-time dependency libsystemd found: YES 255
Checking if "OpenBSD-compatible strnvis" compiles: NO 
Checking for function "b64_ntop" with dependencies libevent, ncursesw, -lutil, -lm, -lresolv, libutf8proc, luajit, libsystemd: YES 
Checking for function "imsg_init" with dependencies libevent, ncursesw, -lutil, -lm, -lresolv, libutf8proc, luajit, libsystemd: NO 
Checking for function "tiparm_s" with dependencies libevent, ncursesw, -lutil, -lm, -lresolv, libutf8proc, luajit, libsystemd: YES 
Compiler for C supports arguments -Wimplicit-fallthrough: YES 
Compiler for C supports arguments -Wshadow: YES 
Compiler for C supports arguments -Wmissing-prototypes: YES 
Compiler for C supports arguments -Wstrict-prototypes: YES 
Compiler for C supports arguments -Wvla: YES 
Compiler for C supports arguments -Wformat=2: YES 
Compiler for C supports arguments -Wsign-compare: YES 
Compiler for C supports arguments -Wno-macro-redefined: NO 
Compiler for C supports arguments -Wno-pointer-sign: YES 
Compiler for C supports arguments -Wno-unused-result: YES 
Program python3 found: YES (/usr/bin/python3)
Program sh found: YES (/usr/bin/sh)
Program python3 (pytest) found: YES (/usr/bin/python3) modules: pytest
Build targets in project: 4

termo 0.1.0

  User defined options
    b_sanitize: address,undefined
    buildtype : debugoptimized
    e2e       : enabled
    werror    : true

Found ninja-1.11.1 at /usr/bin/ninja
